// Jest Snapshot v1, https://goo.gl/fbAQLP

exports[`EmployeeForm should render EmployeeForm unchanged 1`] = `
<div>
  <form>
    <div
      class="chakra-form-control css-0"
      role="group"
    >
      <label
        class="chakra-form__label css-uvho5g"
        for="field-:r0:"
        id="field-:r0:-label"
      >
        Nome
      </label>
      <input
        aria-describedby="field-:r0:-helptext"
        class="chakra-input css-0"
        id="field-:r0:"
        name="name"
        placeholder="Nome"
      />
      <div
        class="chakra-form__helper-text css-0"
        id="field-:r0:-helptext"
      >
        Nome do empregado
      </div>
    </div>
    <div
      class="chakra-form-control css-1fhgjcy"
      role="group"
    >
      <label
        class="chakra-form__label css-uvho5g"
        for="field-:r1:"
        id="field-:r1:-label"
      >
        Avatar URL
      </label>
      <input
        aria-describedby="field-:r1:-helptext"
        class="chakra-input css-0"
        id="field-:r1:"
        name="photoLink"
        placeholder="URL para um avatar"
      />
      <div
        class="chakra-form__helper-text css-0"
        id="field-:r1:-helptext"
      >
        URL para avatar do empregado
      </div>
    </div>
    <button
      data-testid="hidden-button"
      disabled=""
      style="display: none;"
      type="submit"
    />
  </form>
</div>
`;
